Cannot specify both --strace-filter and --strace-exclude-filter
Aborted (core dumped)
