Invalid group name or syscall name 'fil' specified in --strace-filter or --strace-exclude-filter.
Aborted (core dumped)
